#-----------------------------------------------------------
# Vivado v2021.1 (64-bit)
# SW Build 3247384 on Thu Jun 10 19:36:33 MDT 2021
# IP Build 3246043 on Fri Jun 11 00:30:35 MDT 2021
# Start of session at: Thu Nov 17 15:30:38 2022
# Process ID: 19128
# Current directory: E:/USTC/2nd year-1st sem/Digital circuit Experiment/Ex6/T3
# Command line: vivado.exe -gui_launcher_event rodinguilauncherevent17284 E:\USTC\2nd year-1st sem\Digital circuit Experiment\Ex6\T3\T3.xpr
# Log file: E:/USTC/2nd year-1st sem/Digital circuit Experiment/Ex6/T3/vivado.log
# Journal file: E:/USTC/2nd year-1st sem/Digital circuit Experiment/Ex6/T3\vivado.jou
#-----------------------------------------------------------
start_gui
open_project {E:/USTC/2nd year-1st sem/Digital circuit Experiment/Ex6/T3/T3.xpr}
update_compile_order -fileset sources_1
file mkdir E:/USTC/2nd year-1st sem/Digital circuit Experiment/Ex6/T3/T3.srcs/sim_1/new
file mkdir E:/USTC/2nd year-1st sem/Digital circuit Experiment/Ex6/T3/T3.srcs/sim_1/new
file mkdir E:/USTC/2nd year-1st sem/Digital circuit Experiment/Ex6/T3/T3.srcs/sim_1/new
file mkdir E:/USTC/2nd year-1st sem/Digital circuit Experiment/Ex6/T3/T3.srcs/sim_1/new
file mkdir E:/USTC/2nd year-1st sem/Digital circuit Experiment/Ex6/T3/T3.srcs/sim_1/new
set_property SOURCE_SET sources_1 [get_filesets sim_1]
file mkdir E:/USTC/2nd year-1st sem/Digital circuit Experiment/Ex6/T3/T3.srcs/sim_1/new
file mkdir {E:/USTC/2nd year-1st sem/Digital circuit Experiment/Ex6/T3/T3.srcs/sim_1/new}
close [ open {E:/USTC/2nd year-1st sem/Digital circuit Experiment/Ex6/T3/T3.srcs/sim_1/new/simutest.v} w ]
add_files -fileset sim_1 {{E:/USTC/2nd year-1st sem/Digital circuit Experiment/Ex6/T3/T3.srcs/sim_1/new/simutest.v}}
update_compile_order -fileset sim_1
launch_simulation
source CNT.tcl
update_compile_order -fileset sim_1
export_ip_user_files -of_objects  [get_files {{E:/USTC/2nd year-1st sem/Digital circuit Experiment/Ex6/T3/T3.srcs/sim_1/new/simutest.v}}] -no_script -reset -force -quiet
remove_files  -fileset sim_1 {{E:/USTC/2nd year-1st sem/Digital circuit Experiment/Ex6/T3/T3.srcs/sim_1/new/simutest.v}}
reset_run synth_1
launch_runs impl_1 -to_step write_bitstream -jobs 8
wait_on_run impl_1
close_sim
